Dataset: Test

Input files info:
{'1_total_num_fields_in': 9,
 '2_num_files_per_pattern': {'DMO-*-*.npy': 9},
 '3_all_files_used': {'DMO-*-*.npy': ['DMO-145-33.npy',
                                      'DMO-199-33.npy',
                                      'DMO-145-1.npy',
                                      'DMO-199-1.npy',
                                      'DMO-10-0.npy',
                                      'DMO-10-33.npy',
                                      'DMO-199-0.npy',
                                      'DMO-10-1.npy',
                                      'DMO-145-0.npy']}}

Target files info:
{'1_total_num_fields_tgt': 9,
 '2_num_files_per_pattern': {'DM-*-*.npy': 9,
                             'E-*-*.npy': 9,
                             'T-*-*.npy': 9,
                             'gas-*-*.npy': 9},
 '3_all_files_used': {'DM-*-*.npy': ['train_smudgy/DM-145-33.npy',
                                     'train_smudgy/DM-199-33.npy',
                                     'train_smudgy/DM-145-1.npy',
                                     'train_smudgy/DM-199-1.npy',
                                     'train_smudgy/DM-10-0.npy',
                                     'train_smudgy/DM-10-33.npy',
                                     'train_smudgy/DM-199-0.npy',
                                     'train_smudgy/DM-10-1.npy',
                                     'train_smudgy/DM-145-0.npy'],
                      'E-*-*.npy': ['train_smudgy/E-145-33.npy',
                                    'train_smudgy/E-199-33.npy',
                                    'train_smudgy/E-145-1.npy',
                                    'train_smudgy/E-199-1.npy',
                                    'train_smudgy/E-10-0.npy',
                                    'train_smudgy/E-10-33.npy',
                                    'train_smudgy/E-199-0.npy',
                                    'train_smudgy/E-10-1.npy',
                                    'train_smudgy/E-145-0.npy'],
                      'T-*-*.npy': ['train_smudgy/T-145-33.npy',
                                    'train_smudgy/T-199-33.npy',
                                    'train_smudgy/T-145-1.npy',
                                    'train_smudgy/T-199-1.npy',
                                    'train_smudgy/T-10-0.npy',
                                    'train_smudgy/T-10-33.npy',
                                    'train_smudgy/T-199-0.npy',
                                    'train_smudgy/T-10-1.npy',
                                    'train_smudgy/T-145-0.npy'],
                      'gas-*-*.npy': ['train_smudgy/gas-145-33.npy',
                                      'train_smudgy/gas-199-33.npy',
                                      'train_smudgy/gas-145-1.npy',
                                      'train_smudgy/gas-199-1.npy',
                                      'train_smudgy/gas-10-0.npy',
                                      'train_smudgy/gas-10-33.npy',
                                      'train_smudgy/gas-199-0.npy',
                                      'train_smudgy/gas-10-1.npy',
                                      'train_smudgy/gas-145-0.npy']}}

Total number of style files: 9

