2026-04-23T12:24:53+0200 - cs_5960_ast - INFO     | - Remote node environment set, using remote node config -
2026-04-23T12:24:53+0200 - cs_5960_ast - INFO     | Using settings: remote_node_config
2026-04-23T12:24:53+0200 - cs_5960_ast - INFO     | AST job id: 3396169
2026-04-23T12:24:54+0200 - cs_5960_ast - INFO     | 
2026-04-23T12:24:54+0200 - cs_5960_ast - INFO     | ------------------------------------------
2026-04-23T12:24:54+0200 - cs_5960_ast - INFO     | Torch version: 2.9.1+cu126
2026-04-23T12:24:54+0200 - cs_5960_ast - INFO     | CUDA version: 12.6
2026-04-23T12:24:54+0200 - cs_5960_ast - INFO     | Number of accelerators (GPUs) processes should have visible: 6
2026-04-23T12:24:56+0200 - cs_5960_ast - INFO     | ------------------------------------------

2026-04-23T12:25:05+0200 - cs_5960_ast.model - INFO     | Starting epoch: 1
2026-04-23T12:28:46+0200 - cs_5960_ast.model - INFO     | Starting epoch: 2
2026-04-23T12:31:46+0200 - cs_5960_ast.model - INFO     | Starting epoch: 3
2026-04-23T12:34:47+0200 - cs_5960_ast.model - INFO     | Starting epoch: 4
2026-04-23T12:37:47+0200 - cs_5960_ast.model - INFO     | Starting epoch: 5
2026-04-23T12:40:48+0200 - cs_5960_ast.model - INFO     | Starting epoch: 6
2026-04-23T12:43:49+0200 - cs_5960_ast.model - INFO     | Starting epoch: 7
2026-04-23T12:46:49+0200 - cs_5960_ast.model - INFO     | Starting epoch: 8
2026-04-23T12:49:49+0200 - cs_5960_ast.model - INFO     | Starting epoch: 9
2026-04-23T12:52:48+0200 - cs_5960_ast.model - INFO     | Starting epoch: 10
2026-04-23T12:55:49+0200 - cs_5960_ast - INFO     | Checkpoint at epoch: 10
2026-04-23T12:55:49+0200 - cs_5960_ast.model - INFO     | Starting epoch: 11
2026-04-23T12:58:50+0200 - cs_5960_ast.model - INFO     | Starting epoch: 12
2026-04-23T13:01:51+0200 - cs_5960_ast.model - INFO     | Starting epoch: 13
2026-04-23T13:04:51+0200 - cs_5960_ast.model - INFO     | Starting epoch: 14
2026-04-23T13:07:52+0200 - cs_5960_ast.model - INFO     | Starting epoch: 15
2026-04-23T13:10:53+0200 - cs_5960_ast.model - INFO     | Starting epoch: 16
2026-04-23T13:13:53+0200 - cs_5960_ast.model - INFO     | Starting epoch: 17
2026-04-23T13:16:54+0200 - cs_5960_ast.model - INFO     | Starting epoch: 18
2026-04-23T13:19:56+0200 - cs_5960_ast.model - INFO     | Starting epoch: 19
2026-04-23T13:22:56+0200 - cs_5960_ast.model - INFO     | Starting epoch: 20
2026-04-23T13:25:56+0200 - cs_5960_ast - INFO     | Checkpoint at epoch: 20
2026-04-23T13:25:57+0200 - cs_5960_ast - INFO     | MSE change last 10 epochs: -27.5504%
2026-04-23T13:25:57+0200 - cs_5960_ast.model - INFO     | Starting epoch: 21
2026-04-23T13:28:58+0200 - cs_5960_ast.model - INFO     | Starting epoch: 22
2026-04-23T13:32:00+0200 - cs_5960_ast.model - INFO     | Starting epoch: 23
2026-04-23T13:35:01+0200 - cs_5960_ast.model - INFO     | Starting epoch: 24
2026-04-23T13:38:01+0200 - cs_5960_ast.model - INFO     | Starting epoch: 25
2026-04-23T13:41:01+0200 - cs_5960_ast.model - INFO     | Starting epoch: 26
2026-04-23T13:44:02+0200 - cs_5960_ast.model - INFO     | Starting epoch: 27
2026-04-23T13:47:04+0200 - cs_5960_ast.model - INFO     | Starting epoch: 28
2026-04-23T13:50:04+0200 - cs_5960_ast.model - INFO     | Starting epoch: 29
2026-04-23T13:53:08+0200 - cs_5960_ast.model - INFO     | Starting epoch: 30
2026-04-23T13:56:09+0200 - cs_5960_ast - INFO     | Checkpoint at epoch: 30
2026-04-23T13:56:09+0200 - cs_5960_ast - INFO     | MSE change last 10 epochs: -12.9401%
2026-04-23T13:56:09+0200 - cs_5960_ast.model - INFO     | Starting epoch: 31
2026-04-23T13:59:10+0200 - cs_5960_ast.model - INFO     | Starting epoch: 32
2026-04-23T14:02:10+0200 - cs_5960_ast.model - INFO     | Starting epoch: 33
2026-04-23T14:05:10+0200 - cs_5960_ast.model - INFO     | Starting epoch: 34
2026-04-23T14:08:11+0200 - cs_5960_ast.model - INFO     | Starting epoch: 35
2026-04-23T14:11:12+0200 - cs_5960_ast.model - INFO     | Starting epoch: 36
2026-04-23T14:14:12+0200 - cs_5960_ast.model - INFO     | Starting epoch: 37
2026-04-23T14:17:13+0200 - cs_5960_ast.model - INFO     | Starting epoch: 38
2026-04-23T14:20:13+0200 - cs_5960_ast.model - INFO     | Starting epoch: 39
2026-04-23T14:23:13+0200 - cs_5960_ast.model - INFO     | Starting epoch: 40
2026-04-23T14:26:13+0200 - cs_5960_ast - INFO     | Checkpoint at epoch: 40
2026-04-23T14:26:13+0200 - cs_5960_ast - INFO     | MSE change last 10 epochs: -16.6009%
2026-04-23T14:26:13+0200 - cs_5960_ast.model - INFO     | Starting epoch: 41
2026-04-23T14:29:15+0200 - cs_5960_ast.model - INFO     | Starting epoch: 42
2026-04-23T14:32:16+0200 - cs_5960_ast.model - INFO     | Starting epoch: 43
2026-04-23T14:35:17+0200 - cs_5960_ast.model - INFO     | Starting epoch: 44
2026-04-23T14:38:18+0200 - cs_5960_ast.model - INFO     | Starting epoch: 45
2026-04-23T14:41:18+0200 - cs_5960_ast.model - INFO     | Starting epoch: 46
2026-04-23T14:44:19+0200 - cs_5960_ast.model - INFO     | Starting epoch: 47
2026-04-23T14:47:19+0200 - cs_5960_ast.model - INFO     | Starting epoch: 48
2026-04-23T14:50:19+0200 - cs_5960_ast.model - INFO     | Starting epoch: 49
2026-04-23T14:53:19+0200 - cs_5960_ast.model - INFO     | Starting epoch: 50
2026-04-23T14:56:19+0200 - cs_5960_ast - INFO     | Checkpoint at epoch: 50
2026-04-23T14:56:19+0200 - cs_5960_ast - INFO     | MSE change last 10 epochs: -2.1040%
2026-04-23T14:56:19+0200 - cs_5960_ast.model - INFO     | Starting epoch: 51
2026-04-23T14:59:21+0200 - cs_5960_ast.model - INFO     | Starting epoch: 52
2026-04-23T15:02:22+0200 - cs_5960_ast.model - INFO     | Starting epoch: 53
2026-04-23T15:05:23+0200 - cs_5960_ast.model - INFO     | Starting epoch: 54
2026-04-23T15:08:24+0200 - cs_5960_ast.model - INFO     | Starting epoch: 55
2026-04-23T15:11:30+0200 - cs_5960_ast.model - INFO     | Starting epoch: 56
2026-04-23T15:14:31+0200 - cs_5960_ast.model - INFO     | Starting epoch: 57
2026-04-23T15:17:33+0200 - cs_5960_ast.model - INFO     | Starting epoch: 58
2026-04-23T15:20:33+0200 - cs_5960_ast.model - INFO     | Starting epoch: 59
2026-04-23T15:23:33+0200 - cs_5960_ast.model - INFO     | Starting epoch: 60
2026-04-23T15:26:34+0200 - cs_5960_ast - INFO     | Checkpoint at epoch: 60
2026-04-23T15:26:34+0200 - cs_5960_ast - INFO     | MSE change last 10 epochs: -2.8360%
2026-04-23T15:26:34+0200 - cs_5960_ast.model - INFO     | Starting epoch: 61
2026-04-23T15:29:35+0200 - cs_5960_ast.model - INFO     | Starting epoch: 62
2026-04-23T15:32:36+0200 - cs_5960_ast.model - INFO     | Starting epoch: 63
2026-04-23T15:35:37+0200 - cs_5960_ast.model - INFO     | Starting epoch: 64
2026-04-23T15:38:37+0200 - cs_5960_ast.model - INFO     | Starting epoch: 65
2026-04-23T15:41:39+0200 - cs_5960_ast.model - INFO     | Starting epoch: 66
2026-04-23T15:44:41+0200 - cs_5960_ast.model - INFO     | Starting epoch: 67
2026-04-23T15:47:43+0200 - cs_5960_ast.model - INFO     | Starting epoch: 68
2026-04-23T15:50:48+0200 - cs_5960_ast.model - INFO     | Starting epoch: 69
2026-04-23T15:53:49+0200 - cs_5960_ast.model - INFO     | Starting epoch: 70
2026-04-23T15:56:51+0200 - cs_5960_ast - INFO     | Checkpoint at epoch: 70
2026-04-23T15:56:51+0200 - cs_5960_ast - INFO     | MSE change last 10 epochs: -0.6829%
2026-04-23T15:56:51+0200 - cs_5960_ast.model - INFO     | Starting epoch: 71
2026-04-23T15:59:52+0200 - cs_5960_ast.model - INFO     | Starting epoch: 72
2026-04-23T16:02:53+0200 - cs_5960_ast.model - INFO     | Starting epoch: 73
2026-04-23T16:05:54+0200 - cs_5960_ast.model - INFO     | Starting epoch: 74
2026-04-23T16:08:55+0200 - cs_5960_ast.model - INFO     | Starting epoch: 75
2026-04-23T16:11:54+0200 - cs_5960_ast.model - INFO     | Starting epoch: 76
2026-04-23T16:14:54+0200 - cs_5960_ast.model - INFO     | Starting epoch: 77
2026-04-23T16:17:54+0200 - cs_5960_ast.model - INFO     | Starting epoch: 78
2026-04-23T16:20:54+0200 - cs_5960_ast.model - INFO     | Starting epoch: 79
2026-04-23T16:23:54+0200 - cs_5960_ast.model - INFO     | Starting epoch: 80
2026-04-23T16:26:57+0200 - cs_5960_ast - INFO     | Checkpoint at epoch: 80
2026-04-23T16:26:57+0200 - cs_5960_ast - INFO     | MSE change last 10 epochs: -3.7058%
2026-04-23T16:26:57+0200 - cs_5960_ast.model - INFO     | Starting epoch: 81
2026-04-23T16:29:58+0200 - cs_5960_ast.model - INFO     | Starting epoch: 82
2026-04-23T16:33:00+0200 - cs_5960_ast.model - INFO     | Starting epoch: 83
2026-04-23T16:36:01+0200 - cs_5960_ast.model - INFO     | Starting epoch: 84
2026-04-23T16:39:01+0200 - cs_5960_ast.model - INFO     | Starting epoch: 85
2026-04-23T16:42:02+0200 - cs_5960_ast.model - INFO     | Starting epoch: 86
2026-04-23T16:45:02+0200 - cs_5960_ast.model - INFO     | Starting epoch: 87
2026-04-23T16:48:01+0200 - cs_5960_ast.model - INFO     | Starting epoch: 88
2026-04-23T16:51:01+0200 - cs_5960_ast.model - INFO     | Starting epoch: 89
2026-04-23T16:54:00+0200 - cs_5960_ast.model - INFO     | Starting epoch: 90
2026-04-23T16:57:04+0200 - cs_5960_ast - INFO     | Checkpoint at epoch: 90
2026-04-23T16:57:04+0200 - cs_5960_ast - INFO     | MSE change last 10 epochs: -10.9203%
2026-04-23T16:57:04+0200 - cs_5960_ast.model - INFO     | Starting epoch: 91
2026-04-23T17:00:05+0200 - cs_5960_ast.model - INFO     | Starting epoch: 92
2026-04-23T17:03:06+0200 - cs_5960_ast.model - INFO     | Starting epoch: 93
2026-04-23T17:06:07+0200 - cs_5960_ast.model - INFO     | Starting epoch: 94
2026-04-23T17:09:07+0200 - cs_5960_ast.model - INFO     | Starting epoch: 95
2026-04-23T17:12:08+0200 - cs_5960_ast.model - INFO     | Starting epoch: 96
2026-04-23T17:15:08+0200 - cs_5960_ast.model - INFO     | Starting epoch: 97
2026-04-23T17:18:08+0200 - cs_5960_ast.model - INFO     | Starting epoch: 98
2026-04-23T17:21:09+0200 - cs_5960_ast.model - INFO     | Starting epoch: 99
2026-04-23T17:24:09+0200 - cs_5960_ast.model - INFO     | Starting epoch: 100
2026-04-23T17:27:10+0200 - cs_5960_ast - INFO     | Checkpoint at epoch: 100
2026-04-23T17:27:10+0200 - cs_5960_ast - INFO     | MSE change last 10 epochs: +3.3812%
2026-04-23T17:27:10+0200 - cs_5960_ast.model - INFO     | Starting epoch: 101
2026-04-23T17:30:11+0200 - cs_5960_ast.model - INFO     | Starting epoch: 102
2026-04-23T17:33:12+0200 - cs_5960_ast.model - INFO     | Starting epoch: 103
2026-04-23T17:36:13+0200 - cs_5960_ast.model - INFO     | Starting epoch: 104
2026-04-23T17:39:13+0200 - cs_5960_ast.model - INFO     | Starting epoch: 105
2026-04-23T17:42:17+0200 - cs_5960_ast.model - INFO     | Starting epoch: 106
2026-04-23T17:45:20+0200 - cs_5960_ast.model - INFO     | Starting epoch: 107
2026-04-23T17:48:22+0200 - cs_5960_ast.model - INFO     | Starting epoch: 108
2026-04-23T17:51:23+0200 - cs_5960_ast.model - INFO     | Starting epoch: 109
2026-04-23T17:54:25+0200 - cs_5960_ast.model - INFO     | Starting epoch: 110
2026-04-23T17:57:26+0200 - cs_5960_ast - INFO     | Checkpoint at epoch: 110
2026-04-23T17:57:26+0200 - cs_5960_ast - INFO     | MSE change last 10 epochs: -1.0104%
2026-04-23T17:57:26+0200 - cs_5960_ast.model - INFO     | Starting epoch: 111
2026-04-23T18:00:27+0200 - cs_5960_ast.model - INFO     | Starting epoch: 112
2026-04-23T18:03:54+0200 - cs_5960_ast.model - INFO     | Starting epoch: 113
2026-04-23T18:07:30+0200 - cs_5960_ast.model - INFO     | Starting epoch: 114
2026-04-23T18:10:40+0200 - cs_5960_ast.model - INFO     | Starting epoch: 115
2026-04-23T18:13:40+0200 - cs_5960_ast.model - INFO     | Starting epoch: 116
2026-04-23T18:16:40+0200 - cs_5960_ast.model - INFO     | Starting epoch: 117
2026-04-23T18:19:40+0200 - cs_5960_ast.model - INFO     | Starting epoch: 118
2026-04-23T18:22:40+0200 - cs_5960_ast.model - INFO     | Starting epoch: 119
2026-04-23T18:25:41+0200 - cs_5960_ast.model - INFO     | Starting epoch: 120
2026-04-23T18:28:44+0200 - cs_5960_ast - INFO     | Checkpoint at epoch: 120
2026-04-23T18:28:44+0200 - cs_5960_ast - INFO     | MSE change last 10 epochs: -4.0097%
2026-04-23T18:28:44+0200 - cs_5960_ast.model - INFO     | Starting epoch: 121
2026-04-23T18:31:48+0200 - cs_5960_ast.model - INFO     | Starting epoch: 122
2026-04-23T18:34:50+0200 - cs_5960_ast.model - INFO     | Starting epoch: 123
2026-04-23T18:37:53+0200 - cs_5960_ast.model - INFO     | Starting epoch: 124
2026-04-23T18:40:56+0200 - cs_5960_ast.model - INFO     | Starting epoch: 125
2026-04-23T18:43:59+0200 - cs_5960_ast.model - INFO     | Starting epoch: 126
2026-04-23T18:46:59+0200 - cs_5960_ast.model - INFO     | Starting epoch: 127
2026-04-23T18:49:59+0200 - cs_5960_ast.model - INFO     | Starting epoch: 128
2026-04-23T18:52:59+0200 - cs_5960_ast.model - INFO     | Starting epoch: 129
2026-04-23T18:56:00+0200 - cs_5960_ast.model - INFO     | Starting epoch: 130
2026-04-23T18:59:03+0200 - cs_5960_ast - INFO     | Checkpoint at epoch: 130
2026-04-23T18:59:03+0200 - cs_5960_ast - INFO     | MSE change last 10 epochs: -3.4476%
2026-04-23T18:59:03+0200 - cs_5960_ast.model - INFO     | Starting epoch: 131
2026-04-23T19:02:09+0200 - cs_5960_ast.model - INFO     | Starting epoch: 132
2026-04-23T19:05:09+0200 - cs_5960_ast.model - INFO     | Starting epoch: 133
2026-04-23T19:08:11+0200 - cs_5960_ast.model - INFO     | Starting epoch: 134
2026-04-23T19:11:12+0200 - cs_5960_ast.model - INFO     | Starting epoch: 135
2026-04-23T19:14:12+0200 - cs_5960_ast.model - INFO     | Starting epoch: 136
2026-04-23T19:17:13+0200 - cs_5960_ast.model - INFO     | Starting epoch: 137
2026-04-23T19:20:14+0200 - cs_5960_ast.model - INFO     | Starting epoch: 138
2026-04-23T19:23:15+0200 - cs_5960_ast.model - INFO     | Starting epoch: 139
2026-04-23T19:26:18+0200 - cs_5960_ast.model - INFO     | Starting epoch: 140
2026-04-23T19:29:23+0200 - cs_5960_ast - INFO     | Checkpoint at epoch: 140
2026-04-23T19:29:23+0200 - cs_5960_ast - INFO     | MSE change last 10 epochs: +6.5668%
2026-04-23T19:29:23+0200 - cs_5960_ast.model - INFO     | Starting epoch: 141
2026-04-23T19:32:25+0200 - cs_5960_ast.model - INFO     | Starting epoch: 142
2026-04-23T19:35:28+0200 - cs_5960_ast.model - INFO     | Starting epoch: 143
2026-04-23T19:38:29+0200 - cs_5960_ast.model - INFO     | Starting epoch: 144
2026-04-23T19:41:30+0200 - cs_5960_ast.model - INFO     | Starting epoch: 145
2026-04-23T19:44:30+0200 - cs_5960_ast.model - INFO     | Starting epoch: 146
2026-04-23T19:47:32+0200 - cs_5960_ast.model - INFO     | Starting epoch: 147
2026-04-23T19:50:33+0200 - cs_5960_ast.model - INFO     | Starting epoch: 148
2026-04-23T19:53:33+0200 - cs_5960_ast.model - INFO     | Starting epoch: 149
2026-04-23T19:56:33+0200 - cs_5960_ast.model - INFO     | Starting epoch: 150
2026-04-23T19:59:35+0200 - cs_5960_ast - INFO     | Checkpoint at epoch: 150
2026-04-23T19:59:35+0200 - cs_5960_ast - INFO     | MSE change last 10 epochs: -5.7813%
2026-04-23T19:59:35+0200 - cs_5960_ast.model - INFO     | Starting epoch: 151
2026-04-23T20:02:40+0200 - cs_5960_ast.model - INFO     | Starting epoch: 152
2026-04-23T20:05:41+0200 - cs_5960_ast.model - INFO     | Starting epoch: 153
2026-04-23T20:08:42+0200 - cs_5960_ast.model - INFO     | Starting epoch: 154
2026-04-23T20:11:48+0200 - cs_5960_ast.model - INFO     | Starting epoch: 155
2026-04-23T20:14:50+0200 - cs_5960_ast.model - INFO     | Starting epoch: 156
2026-04-23T20:17:54+0200 - cs_5960_ast.model - INFO     | Starting epoch: 157
2026-04-23T20:20:56+0200 - cs_5960_ast.model - INFO     | Starting epoch: 158
2026-04-23T20:23:57+0200 - cs_5960_ast.model - INFO     | Starting epoch: 159
2026-04-23T20:27:00+0200 - cs_5960_ast.model - INFO     | Starting epoch: 160
2026-04-23T20:30:02+0200 - cs_5960_ast - INFO     | Checkpoint at epoch: 160
2026-04-23T20:30:02+0200 - cs_5960_ast - INFO     | MSE change last 10 epochs: -3.4132%
2026-04-23T20:30:03+0200 - cs_5960_ast - INFO     | Total training time: 8:04:57.613715
2026-04-23T20:30:03+0200 - cs_5960_ast.model - INFO     | Estimate of parameters in Generator G: 4.4e6
2026-04-23T20:30:03+0200 - cs_5960_ast.model - INFO     | Estimate of parameters in Generator GE: 4.4e6
2026-04-23T20:30:03+0200 - cs_5960_ast.model - INFO     | Estimate of parameters in Discriminator: 1.4e6
2026-04-23T20:31:33+0200 - cs_5960_ast - INFO     | Calculating power spectra...
2026-04-23T20:32:24+0200 - cs_5960_ast - INFO     | Power spectrum figures saved.
2026-04-23T20:32:24+0200 - cs_5960_ast - INFO     | Total power spectrum calculation time: 0:00:50.895047
2026-04-23T20:32:24+0200 - cs_5960_ast - INFO     | Summary of memory use in program:
2026-04-23T20:32:24+0200 - cs_5960_ast - INFO     | Accelerator: NVIDIA H200 NVL
2026-04-23T20:32:24+0200 - cs_5960_ast - INFO     | | Total memory: 140.06 GB
2026-04-23T20:32:24+0200 - cs_5960_ast - INFO     | | Peak allocated memory: 13.64 GB
2026-04-23T20:32:24+0200 - cs_5960_ast - INFO     | | Peak reserved memory: 18.99 GB
2026-04-23T20:32:24+0200 - cs_5960_ast - INFO     | | Peak used/total memory: 18.99 GB / 140.06 GB
2026-04-23T20:32:24+0200 - cs_5960_ast - INFO     | | Peak memory utilization: 13.56%
2026-04-23T20:32:24+0200 - cs_5960_ast - INFO     | | Current used/total memory: 7.37 GB / 140.06 GB
2026-04-23T20:32:24+0200 - cs_5960_ast - INFO     | | Current memory utilization: 5.26%
2026-04-23T20:32:24+0200 - cs_5960_ast - INFO     | Accelerator: NVIDIA H200 NVL
2026-04-23T20:32:24+0200 - cs_5960_ast - INFO     | | Total memory: 140.06 GB
2026-04-23T20:32:24+0200 - cs_5960_ast - INFO     | | Peak allocated memory: 0.00 GB
2026-04-23T20:32:24+0200 - cs_5960_ast - INFO     | | Peak reserved memory: 0.00 GB
2026-04-23T20:32:24+0200 - cs_5960_ast - INFO     | | Peak used/total memory: 0.00 GB / 140.06 GB
2026-04-23T20:32:24+0200 - cs_5960_ast - INFO     | | Peak memory utilization: 0.00%
2026-04-23T20:32:24+0200 - cs_5960_ast - INFO     | | Current used/total memory: 0.00 GB / 140.06 GB
2026-04-23T20:32:24+0200 - cs_5960_ast - INFO     | | Current memory utilization: 0.00%
2026-04-23T20:32:24+0200 - cs_5960_ast - INFO     | Accelerator: NVIDIA H200 NVL
2026-04-23T20:32:24+0200 - cs_5960_ast - INFO     | | Total memory: 140.06 GB
2026-04-23T20:32:24+0200 - cs_5960_ast - INFO     | | Peak allocated memory: 0.00 GB
2026-04-23T20:32:24+0200 - cs_5960_ast - INFO     | | Peak reserved memory: 0.00 GB
2026-04-23T20:32:24+0200 - cs_5960_ast - INFO     | | Peak used/total memory: 0.00 GB / 140.06 GB
2026-04-23T20:32:24+0200 - cs_5960_ast - INFO     | | Peak memory utilization: 0.00%
2026-04-23T20:32:24+0200 - cs_5960_ast - INFO     | | Current used/total memory: 0.00 GB / 140.06 GB
2026-04-23T20:32:24+0200 - cs_5960_ast - INFO     | | Current memory utilization: 0.00%
2026-04-23T20:32:24+0200 - cs_5960_ast - INFO     | Accelerator: NVIDIA H200 NVL
2026-04-23T20:32:24+0200 - cs_5960_ast - INFO     | | Total memory: 140.06 GB
2026-04-23T20:32:24+0200 - cs_5960_ast - INFO     | | Peak allocated memory: 0.00 GB
2026-04-23T20:32:24+0200 - cs_5960_ast - INFO     | | Peak reserved memory: 0.00 GB
2026-04-23T20:32:24+0200 - cs_5960_ast - INFO     | | Peak used/total memory: 0.00 GB / 140.06 GB
2026-04-23T20:32:24+0200 - cs_5960_ast - INFO     | | Peak memory utilization: 0.00%
2026-04-23T20:32:24+0200 - cs_5960_ast - INFO     | | Current used/total memory: 0.00 GB / 140.06 GB
2026-04-23T20:32:24+0200 - cs_5960_ast - INFO     | | Current memory utilization: 0.00%
2026-04-23T20:32:24+0200 - cs_5960_ast - INFO     | Accelerator: NVIDIA H200 NVL
2026-04-23T20:32:24+0200 - cs_5960_ast - INFO     | | Total memory: 140.06 GB
2026-04-23T20:32:24+0200 - cs_5960_ast - INFO     | | Peak allocated memory: 0.00 GB
2026-04-23T20:32:24+0200 - cs_5960_ast - INFO     | | Peak reserved memory: 0.00 GB
2026-04-23T20:32:24+0200 - cs_5960_ast - INFO     | | Peak used/total memory: 0.00 GB / 140.06 GB
2026-04-23T20:32:24+0200 - cs_5960_ast - INFO     | | Peak memory utilization: 0.00%
2026-04-23T20:32:24+0200 - cs_5960_ast - INFO     | | Current used/total memory: 0.00 GB / 140.06 GB
2026-04-23T20:32:24+0200 - cs_5960_ast - INFO     | | Current memory utilization: 0.00%
2026-04-23T20:32:24+0200 - cs_5960_ast - INFO     | Accelerator: NVIDIA H200 NVL
2026-04-23T20:32:24+0200 - cs_5960_ast - INFO     | | Total memory: 140.06 GB
2026-04-23T20:32:24+0200 - cs_5960_ast - INFO     | | Peak allocated memory: 0.00 GB
2026-04-23T20:32:24+0200 - cs_5960_ast - INFO     | | Peak reserved memory: 0.00 GB
2026-04-23T20:32:24+0200 - cs_5960_ast - INFO     | | Peak used/total memory: 0.00 GB / 140.06 GB
2026-04-23T20:32:24+0200 - cs_5960_ast - INFO     | | Peak memory utilization: 0.00%
2026-04-23T20:32:24+0200 - cs_5960_ast - INFO     | | Current used/total memory: 0.00 GB / 140.06 GB
2026-04-23T20:32:24+0200 - cs_5960_ast - INFO     | | Current memory utilization: 0.00%
2026-04-23T20:32:24+0200 - cs_5960_ast - INFO     | Run complete.
